[[34m2026-10-09 02:14:49[0m] Experiment directory: /media/ltnghia33/sit/v2/results/smoke_method
[[34m2026-10-09 02:15:12[0m] SiT Parameters: 40,453,648 (compress=True, detailer=True, legacy_residual=False)
[[34m2026-10-09 02:15:12[0m] Autocast dtype: torch.bfloat16 (GradScaler off)
[[34m2026-10-09 02:15:12[0m] Using MemmapLatentDataset (uncompressed memmap).
[[34m2026-10-09 02:15:12[0m] Dataset contains 1,281,167 images (/media/ltnghia33/sit)
[[34m2026-10-09 02:15:16[0m] Training for 1400 epochs or 200 steps...
[[34m2026-10-09 02:15:16[0m] Beginning epoch 0...
/media/ltnghia33/sit/v2/dataset.py:54: UserWarning: The given NumPy array is not writable, and PyTorch does not support non-writable tensors. This means writing to this tensor will result in undefined behavior. You may want to copy the array to protect its data or make it writable before converting it to a tensor. This type of warning will be suppressed for the rest of this program. (Triggered internally at ../torch/csrc/utils/tensor_numpy.cpp:206.)
  x = torch.from_numpy(np.ascontiguousarray(self.lat[index]))   # (8,32,32) fp32
/media/ltnghia33/sit/v2/dataset.py:54: UserWarning: The given NumPy array is not writable, and PyTorch does not support non-writable tensors. This means writing to this tensor will result in undefined behavior. You may want to copy the array to protect its data or make it writable before converting it to a tensor. This type of warning will be suppressed for the rest of this program. (Triggered internally at ../torch/csrc/utils/tensor_numpy.cpp:206.)
  x = torch.from_numpy(np.ascontiguousarray(self.lat[index]))   # (8,32,32) fp32
/media/ltnghia33/sit/v2/dataset.py:54: UserWarning: The given NumPy array is not writable, and PyTorch does not support non-writable tensors. This means writing to this tensor will result in undefined behavior. You may want to copy the array to protect its data or make it writable before converting it to a tensor. This type of warning will be suppressed for the rest of this program. (Triggered internally at ../torch/csrc/utils/tensor_numpy.cpp:206.)
  x = torch.from_numpy(np.ascontiguousarray(self.lat[index]))   # (8,32,32) fp32
/media/ltnghia33/sit/v2/dataset.py:54: UserWarning: The given NumPy array is not writable, and PyTorch does not support non-writable tensors. This means writing to this tensor will result in undefined behavior. You may want to copy the array to protect its data or make it writable before converting it to a tensor. This type of warning will be suppressed for the rest of this program. (Triggered internally at ../torch/csrc/utils/tensor_numpy.cpp:206.)
  x = torch.from_numpy(np.ascontiguousarray(self.lat[index]))   # (8,32,32) fp32
/media/ltnghia33/sit/v2/dataset.py:54: UserWarning: The given NumPy array is not writable, and PyTorch does not support non-writable tensors. This means writing to this tensor will result in undefined behavior. You may want to copy the array to protect its data or make it writable before converting it to a tensor. This type of warning will be suppressed for the rest of this program. (Triggered internally at ../torch/csrc/utils/tensor_numpy.cpp:206.)
  x = torch.from_numpy(np.ascontiguousarray(self.lat[index]))   # (8,32,32) fp32
/media/ltnghia33/sit/v2/dataset.py:54: UserWarning: The given NumPy array is not writable, and PyTorch does not support non-writable tensors. This means writing to this tensor will result in undefined behavior. You may want to copy the array to protect its data or make it writable before converting it to a tensor. This type of warning will be suppressed for the rest of this program. (Triggered internally at ../torch/csrc/utils/tensor_numpy.cpp:206.)
  x = torch.from_numpy(np.ascontiguousarray(self.lat[index]))   # (8,32,32) fp32
/media/ltnghia33/sit/v2/dataset.py:54: UserWarning: The given NumPy array is not writable, and PyTorch does not support non-writable tensors. This means writing to this tensor will result in undefined behavior. You may want to copy the array to protect its data or make it writable before converting it to a tensor. This type of warning will be suppressed for the rest of this program. (Triggered internally at ../torch/csrc/utils/tensor_numpy.cpp:206.)
  x = torch.from_numpy(np.ascontiguousarray(self.lat[index]))   # (8,32,32) fp32
/usr/bin/ld: cannot find -lcuda: No such file or directory
collect2: error: ld returned 1 exit status
/usr/bin/ld: cannot find -lcuda: No such file or directory
collect2: error: ld returned 1 exit status
[rank0]: Traceback (most recent call last):
[rank0]:   File "/media/ltnghia33/miniconda3/envs/sit/lib/python3.12/site-packages/torch/_dynamo/output_graph.py", line 1446, in _call_user_compiler
[rank0]:     compiled_fn = compiler_fn(gm, self.example_inputs())
[rank0]:                   ^^^^^^^^^^^^^^^^^^^^^^^^^^^^^^^^^^^^^^
[rank0]:   File "/media/ltnghia33/miniconda3/envs/sit/lib/python3.12/site-packages/torch/_dynamo/backends/distributed.py", line 546, in compile_fn
[rank0]:     submod_compiler.run(*example_inputs)
[rank0]:   File "/media/ltnghia33/miniconda3/envs/sit/lib/python3.12/site-packages/torch/fx/interpreter.py", line 146, in run
[rank0]:     self.env[node] = self.run_node(node)
[rank0]:                      ^^^^^^^^^^^^^^^^^^^
[rank0]:   File "/media/ltnghia33/miniconda3/envs/sit/lib/python3.12/site-packages/torch/_dynamo/backends/distributed.py", line 266, in run_node
[rank0]:     compiled_submod_real = self.compile_submod(real_mod, new_args, kwargs)
[rank0]:                            ^^^^^^^^^^^^^^^^^^^^^^^^^^^^^^^^^^^^^^^^^^^^^^^
[rank0]:   File "/media/ltnghia33/miniconda3/envs/sit/lib/python3.12/site-packages/torch/_dynamo/backends/distributed.py", line 181, in compile_submod
[rank0]:     self.compiler(input_mod, args),
[rank0]:     ^^^^^^^^^^^^^^^^^^^^^^^^^^^^^^
[rank0]:   File "/media/ltnghia33/miniconda3/envs/sit/lib/python3.12/site-packages/torch/_dynamo/repro/after_dynamo.py", line 129, in __call__
[rank0]:     compiled_gm = compiler_fn(gm, example_inputs)
[rank0]:                   ^^^^^^^^^^^^^^^^^^^^^^^^^^^^^^^
[rank0]:   File "/media/ltnghia33/miniconda3/envs/sit/lib/python3.12/site-packages/torch/__init__.py", line 2234, in __call__
[rank0]:     return compile_fx(model_, inputs_, config_patches=self.config)
[rank0]:            ^^^^^^^^^^^^^^^^^^^^^^^^^^^^^^^^^^^^^^^^^^^^^^^^^^^^^^^
[rank0]:   File "/media/ltnghia33/miniconda3/envs/sit/lib/python3.12/site-packages/torch/_inductor/compile_fx.py", line 1521, in compile_fx
[rank0]:     return aot_autograd(
[rank0]:            ^^^^^^^^^^^^^
[rank0]:   File "/media/ltnghia33/miniconda3/envs/sit/lib/python3.12/site-packages/torch/_dynamo/backends/common.py", line 72, in __call__
[rank0]:     cg = aot_module_simplified(gm, example_inputs, **self.kwargs)
[rank0]:          ^^^^^^^^^^^^^^^^^^^^^^^^^^^^^^^^^^^^^^^^^^^^^^^^^^^^^^^^
[rank0]:   File "/media/ltnghia33/miniconda3/envs/sit/lib/python3.12/site-packages/torch/_functorch/aot_autograd.py", line 1071, in aot_module_simplified
[rank0]:     compiled_fn = dispatch_and_compile()
[rank0]:                   ^^^^^^^^^^^^^^^^^^^^^^
[rank0]:   File "/media/ltnghia33/miniconda3/envs/sit/lib/python3.12/site-packages/torch/_functorch/aot_autograd.py", line 1056, in dispatch_and_compile
[rank0]:     compiled_fn, _ = create_aot_dispatcher_function(
[rank0]:                      ^^^^^^^^^^^^^^^^^^^^^^^^^^^^^^^
[rank0]:   File "/media/ltnghia33/miniconda3/envs/sit/lib/python3.12/site-packages/torch/_functorch/aot_autograd.py", line 522, in create_aot_dispatcher_function
[rank0]:     return _create_aot_dispatcher_function(
[rank0]:            ^^^^^^^^^^^^^^^^^^^^^^^^^^^^^^^^
[rank0]:   File "/media/ltnghia33/miniconda3/envs/sit/lib/python3.12/site-packages/torch/_functorch/aot_autograd.py", line 759, in _create_aot_dispatcher_function
[rank0]:     compiled_fn, fw_metadata = compiler_fn(
[rank0]:                                ^^^^^^^^^^^^
[rank0]:   File "/media/ltnghia33/miniconda3/envs/sit/lib/python3.12/site-packages/torch/_functorch/_aot_autograd/jit_compile_runtime_wrappers.py", line 588, in aot_dispatch_autograd
[rank0]:     compiled_fw_func = aot_config.fw_compiler(fw_module, adjusted_flat_args)
[rank0]:                        ^^^^^^^^^^^^^^^^^^^^^^^^^^^^^^^^^^^^^^^^^^^^^^^^^^^^^
[rank0]:   File "/media/ltnghia33/miniconda3/envs/sit/lib/python3.12/site-packages/torch/_inductor/compile_fx.py", line 1350, in fw_compiler_base
[rank0]:     return _fw_compiler_base(model, example_inputs, is_inference)
[rank0]:            ^^^^^^^^^^^^^^^^^^^^^^^^^^^^^^^^^^^^^^^^^^^^^^^^^^^^^^
[rank0]:   File "/media/ltnghia33/miniconda3/envs/sit/lib/python3.12/site-packages/torch/_inductor/compile_fx.py", line 1421, in _fw_compiler_base
[rank0]:     return inner_compile(
[rank0]:            ^^^^^^^^^^^^^^
[rank0]:   File "/media/ltnghia33/miniconda3/envs/sit/lib/python3.12/site-packages/torch/_inductor/compile_fx.py", line 475, in compile_fx_inner
[rank0]:     return wrap_compiler_debug(_compile_fx_inner, compiler_name="inductor")(
[rank0]:            ^^^^^^^^^^^^^^^^^^^^^^^^^^^^^^^^^^^^^^^^^^^^^^^^^^^^^^^^^^^^^^^^^
[rank0]:   File "/media/ltnghia33/miniconda3/envs/sit/lib/python3.12/site-packages/torch/_dynamo/repro/after_aot.py", line 85, in debug_wrapper
[rank0]:     inner_compiled_fn = compiler_fn(gm, example_inputs)
[rank0]:                         ^^^^^^^^^^^^^^^^^^^^^^^^^^^^^^^
[rank0]:   File "/media/ltnghia33/miniconda3/envs/sit/lib/python3.12/site-packages/torch/_inductor/compile_fx.py", line 661, in _compile_fx_inner
[rank0]:     compiled_graph = FxGraphCache.load(
[rank0]:                      ^^^^^^^^^^^^^^^^^^
[rank0]:   File "/media/ltnghia33/miniconda3/envs/sit/lib/python3.12/site-packages/torch/_inductor/codecache.py", line 1334, in load
[rank0]:     compiled_graph = compile_fx_fn(
[rank0]:                      ^^^^^^^^^^^^^^
[rank0]:   File "/media/ltnghia33/miniconda3/envs/sit/lib/python3.12/site-packages/torch/_inductor/compile_fx.py", line 570, in codegen_and_compile
[rank0]:     compiled_graph = fx_codegen_and_compile(gm, example_inputs, **fx_kwargs)
[rank0]:                      ^^^^^^^^^^^^^^^^^^^^^^^^^^^^^^^^^^^^^^^^^^^^^^^^^^^^^^^
[rank0]:   File "/media/ltnghia33/miniconda3/envs/sit/lib/python3.12/site-packages/torch/_inductor/compile_fx.py", line 878, in fx_codegen_and_compile
[rank0]:     compiled_fn = graph.compile_to_fn()
[rank0]:                   ^^^^^^^^^^^^^^^^^^^^^
[rank0]:   File "/media/ltnghia33/miniconda3/envs/sit/lib/python3.12/site-packages/torch/_inductor/graph.py", line 1913, in compile_to_fn
[rank0]:     return self.compile_to_module().call
[rank0]:            ^^^^^^^^^^^^^^^^^^^^^^^^
[rank0]:   File "/media/ltnghia33/miniconda3/envs/sit/lib/python3.12/site-packages/torch/_inductor/graph.py", line 1839, in compile_to_module
[rank0]:     return self._compile_to_module()
[rank0]:            ^^^^^^^^^^^^^^^^^^^^^^^^^
[rank0]:   File "/media/ltnghia33/miniconda3/envs/sit/lib/python3.12/site-packages/torch/_inductor/graph.py", line 1845, in _compile_to_module
[rank0]:     self.codegen_with_cpp_wrapper() if self.cpp_wrapper else self.codegen()
[rank0]:                                                              ^^^^^^^^^^^^^^
[rank0]:   File "/media/ltnghia33/miniconda3/envs/sit/lib/python3.12/site-packages/torch/_inductor/graph.py", line 1784, in codegen
[rank0]:     self.scheduler.codegen()
[rank0]:   File "/media/ltnghia33/miniconda3/envs/sit/lib/python3.12/site-packages/torch/_inductor/scheduler.py", line 3383, in codegen
[rank0]:     return self._codegen()
[rank0]:            ^^^^^^^^^^^^^^^
[rank0]:   File "/media/ltnghia33/miniconda3/envs/sit/lib/python3.12/site-packages/torch/_inductor/scheduler.py", line 3461, in _codegen
[rank0]:     self.get_backend(device).codegen_node(node)
[rank0]:   File "/media/ltnghia33/miniconda3/envs/sit/lib/python3.12/site-packages/torch/_inductor/codegen/cuda_combined_scheduling.py", line 80, in codegen_node
[rank0]:     return self._triton_scheduling.codegen_node(node)
[rank0]:            ^^^^^^^^^^^^^^^^^^^^^^^^^^^^^^^^^^^^^^^^^^
[rank0]:   File "/media/ltnghia33/miniconda3/envs/sit/lib/python3.12/site-packages/torch/_inductor/codegen/simd.py", line 1155, in codegen_node
[rank0]:     return self.codegen_node_schedule(node_schedule, buf_accesses, numel, rnumel)
[rank0]:            ^^^^^^^^^^^^^^^^^^^^^^^^^^^^^^^^^^^^^^^^^^^^^^^^^^^^^^^^^^^^^^^^^^^^^^
[rank0]:   File "/media/ltnghia33/miniconda3/envs/sit/lib/python3.12/site-packages/torch/_inductor/codegen/simd.py", line 1364, in codegen_node_schedule
[rank0]:     src_code = kernel.codegen_kernel()
[rank0]:                ^^^^^^^^^^^^^^^^^^^^^^^
[rank0]:   File "/media/ltnghia33/miniconda3/envs/sit/lib/python3.12/site-packages/torch/_inductor/codegen/triton.py", line 2661, in codegen_kernel
[rank0]:     **self.inductor_meta_common(),
[rank0]:       ^^^^^^^^^^^^^^^^^^^^^^^^^^^
[rank0]:   File "/media/ltnghia33/miniconda3/envs/sit/lib/python3.12/site-packages/torch/_inductor/codegen/triton.py", line 2532, in inductor_meta_common
[rank0]:     "backend_hash": torch.utils._triton.triton_hash_with_backend(),
[rank0]:                     ^^^^^^^^^^^^^^^^^^^^^^^^^^^^^^^^^^^^^^^^^^^^^^
[rank0]:   File "/media/ltnghia33/miniconda3/envs/sit/lib/python3.12/site-packages/torch/utils/_triton.py", line 53, in triton_hash_with_backend
[rank0]:     backend = triton_backend()
[rank0]:               ^^^^^^^^^^^^^^^^
[rank0]:   File "/media/ltnghia33/miniconda3/envs/sit/lib/python3.12/site-packages/torch/utils/_triton.py", line 45, in triton_backend
[rank0]:     target = driver.active.get_current_target()
[rank0]:              ^^^^^^^^^^^^^^^^^^^^^^^^^^^^^^^^
[rank0]:   File "/media/ltnghia33/miniconda3/envs/sit/lib/python3.12/site-packages/triton/runtime/driver.py", line 23, in __getattr__
[rank0]:     self._initialize_obj()
[rank0]:   File "/media/ltnghia33/miniconda3/envs/sit/lib/python3.12/site-packages/triton/runtime/driver.py", line 20, in _initialize_obj
[rank0]:     self._obj = self._init_fn()
[rank0]:                 ^^^^^^^^^^^^^^^
[rank0]:   File "/media/ltnghia33/miniconda3/envs/sit/lib/python3.12/site-packages/triton/runtime/driver.py", line 9, in _create_driver
[rank0]:     return actives[0]()
[rank0]:            ^^^^^^^^^^^^
[rank0]:   File "/media/ltnghia33/miniconda3/envs/sit/lib/python3.12/site-packages/triton/backends/nvidia/driver.py", line 371, in __init__
[rank0]:     self.utils = CudaUtils()  # TODO: make static
[rank0]:                  ^^^^^^^^^^^
[rank0]:   File "/media/ltnghia33/miniconda3/envs/sit/lib/python3.12/site-packages/triton/backends/nvidia/driver.py", line 80, in __init__
[rank0]:     mod = compile_module_from_src(Path(os.path.join(dirname, "driver.c")).read_text(), "cuda_utils")
[rank0]:           ^^^^^^^^^^^^^^^^^^^^^^^^^^^^^^^^^^^^^^^^^^^^^^^^^^^^^^^^^^^^^^^^^^^^^^^^^^^^^^^^^^^^^^^^^^
[rank0]:   File "/media/ltnghia33/miniconda3/envs/sit/lib/python3.12/site-packages/triton/backends/nvidia/driver.py", line 57, in compile_module_from_src
[rank0]:     so = _build(name, src_path, tmpdir, library_dirs(), include_dir, libraries)
[rank0]:          ^^^^^^^^^^^^^^^^^^^^^^^^^^^^^^^^^^^^^^^^^^^^^^^^^^^^^^^^^^^^^^^^^^^^^^
[rank0]:   File "/media/ltnghia33/miniconda3/envs/sit/lib/python3.12/site-packages/triton/runtime/build.py", line 48, in _build
[rank0]:     ret = subprocess.check_call(cc_cmd)
[rank0]:           ^^^^^^^^^^^^^^^^^^^^^^^^^^^^^
[rank0]:   File "/media/ltnghia33/miniconda3/envs/sit/lib/python3.12/subprocess.py", line 413, in check_call
[rank0]:     raise CalledProcessError(retcode, cmd)
[rank0]: subprocess.CalledProcessError: Command '['/usr/bin/gcc', '/tmp/tmpdn4eqtxs/main.c', '-O3', '-shared', '-fPIC', '-o', '/tmp/tmpdn4eqtxs/cuda_utils.cpython-312-x86_64-linux-gnu.so', '-lcuda', '-L/media/ltnghia33/miniconda3/envs/sit/lib/python3.12/site-packages/triton/backends/nvidia/lib', '-L/lib/x86_64-linux-gnu', '-I/media/ltnghia33/miniconda3/envs/sit/lib/python3.12/site-packages/triton/backends/nvidia/include', '-I/tmp/tmpdn4eqtxs', '-I/media/ltnghia33/miniconda3/envs/sit/include/python3.12']' returned non-zero exit status 1.

[rank0]: The above exception was the direct cause of the following exception:

[rank0]: Traceback (most recent call last):
[rank0]:   File "/media/ltnghia33/sit/v2/train.py", line 476, in <module>
[rank0]:     main(args)
[rank0]:   File "/media/ltnghia33/sit/v2/train.py", line 320, in main
[rank0]:     loss_dict = transport.training_losses(model, x, model_kwargs)
[rank0]:                 ^^^^^^^^^^^^^^^^^^^^^^^^^^^^^^^^^^^^^^^^^^^^^^^^^
[rank0]:   File "/media/ltnghia33/sit/v2/transport/transport.py", line 133, in training_losses
[rank0]:     model_output = model(xt, t, **model_kwargs)
[rank0]:                    ^^^^^^^^^^^^^^^^^^^^^^^^^^^^
[rank0]:   File "/media/ltnghia33/miniconda3/envs/sit/lib/python3.12/site-packages/torch/nn/modules/module.py", line 1736, in _wrapped_call_impl
[rank0]:     return self._call_impl(*args, **kwargs)
[rank0]:            ^^^^^^^^^^^^^^^^^^^^^^^^^^^^^^^^
[rank0]:   File "/media/ltnghia33/miniconda3/envs/sit/lib/python3.12/site-packages/torch/nn/modules/module.py", line 1747, in _call_impl
[rank0]:     return forward_call(*args, **kwargs)
[rank0]:            ^^^^^^^^^^^^^^^^^^^^^^^^^^^^^
[rank0]:   File "/media/ltnghia33/miniconda3/envs/sit/lib/python3.12/site-packages/torch/nn/parallel/distributed.py", line 1643, in forward
[rank0]:     else self._run_ddp_forward(*inputs, **kwargs)
[rank0]:          ^^^^^^^^^^^^^^^^^^^^^^^^^^^^^^^^^^^^^^^^
[rank0]:   File "/media/ltnghia33/miniconda3/envs/sit/lib/python3.12/site-packages/torch/nn/parallel/distributed.py", line 1459, in _run_ddp_forward
[rank0]:     return self.module(*inputs, **kwargs)  # type: ignore[index]
[rank0]:            ^^^^^^^^^^^^^^^^^^^^^^^^^^^^^^
[rank0]:   File "/media/ltnghia33/miniconda3/envs/sit/lib/python3.12/site-packages/torch/nn/modules/module.py", line 1736, in _wrapped_call_impl
[rank0]:     return self._call_impl(*args, **kwargs)
[rank0]:            ^^^^^^^^^^^^^^^^^^^^^^^^^^^^^^^^
[rank0]:   File "/media/ltnghia33/miniconda3/envs/sit/lib/python3.12/site-packages/torch/nn/modules/module.py", line 1747, in _call_impl
[rank0]:     return forward_call(*args, **kwargs)
[rank0]:            ^^^^^^^^^^^^^^^^^^^^^^^^^^^^^
[rank0]:   File "/media/ltnghia33/miniconda3/envs/sit/lib/python3.12/site-packages/torch/_dynamo/eval_frame.py", line 465, in _fn
[rank0]:     return fn(*args, **kwargs)
[rank0]:            ^^^^^^^^^^^^^^^^^^^
[rank0]:   File "/media/ltnghia33/miniconda3/envs/sit/lib/python3.12/site-packages/torch/nn/modules/module.py", line 1736, in _wrapped_call_impl
[rank0]:     return self._call_impl(*args, **kwargs)
[rank0]:            ^^^^^^^^^^^^^^^^^^^^^^^^^^^^^^^^
[rank0]:   File "/media/ltnghia33/miniconda3/envs/sit/lib/python3.12/site-packages/torch/nn/modules/module.py", line 1747, in _call_impl
[rank0]:     return forward_call(*args, **kwargs)
[rank0]:            ^^^^^^^^^^^^^^^^^^^^^^^^^^^^^
[rank0]:   File "/media/ltnghia33/miniconda3/envs/sit/lib/python3.12/site-packages/torch/_dynamo/convert_frame.py", line 1263, in __call__
[rank0]:     return hijacked_callback(
[rank0]:            ^^^^^^^^^^^^^^^^^^
[rank0]:   File "/media/ltnghia33/miniconda3/envs/sit/lib/python3.12/site-packages/torch/_dynamo/convert_frame.py", line 1064, in __call__
[rank0]:     result = self._inner_convert(
[rank0]:              ^^^^^^^^^^^^^^^^^^^^
[rank0]:   File "/media/ltnghia33/miniconda3/envs/sit/lib/python3.12/site-packages/torch/_dynamo/convert_frame.py", line 526, in __call__
[rank0]:     return _compile(
[rank0]:            ^^^^^^^^^
[rank0]:   File "/media/ltnghia33/miniconda3/envs/sit/lib/python3.12/site-packages/torch/_dynamo/convert_frame.py", line 924, in _compile
[rank0]:     guarded_code = compile_inner(code, one_graph, hooks, transform)
[rank0]:                    ^^^^^^^^^^^^^^^^^^^^^^^^^^^^^^^^^^^^^^^^^^^^^^^^
[rank0]:   File "/media/ltnghia33/miniconda3/envs/sit/lib/python3.12/site-packages/torch/_dynamo/convert_frame.py", line 666, in compile_inner
[rank0]:     return _compile_inner(code, one_graph, hooks, transform)
[rank0]:            ^^^^^^^^^^^^^^^^^^^^^^^^^^^^^^^^^^^^^^^^^^^^^^^^^
[rank0]:   File "/media/ltnghia33/miniconda3/envs/sit/lib/python3.12/site-packages/torch/_utils_internal.py", line 87, in wrapper_function
[rank0]:     return function(*args, **kwargs)
[rank0]:            ^^^^^^^^^^^^^^^^^^^^^^^^^
[rank0]:   File "/media/ltnghia33/miniconda3/envs/sit/lib/python3.12/site-packages/torch/_dynamo/convert_frame.py", line 699, in _compile_inner
[rank0]:     out_code = transform_code_object(code, transform)
[rank0]:                ^^^^^^^^^^^^^^^^^^^^^^^^^^^^^^^^^^^^^^
[rank0]:   File "/media/ltnghia33/miniconda3/envs/sit/lib/python3.12/site-packages/torch/_dynamo/bytecode_transformation.py", line 1322, in transform_code_object
[rank0]:     transformations(instructions, code_options)
[rank0]:   File "/media/ltnghia33/miniconda3/envs/sit/lib/python3.12/site-packages/torch/_dynamo/convert_frame.py", line 219, in _fn
[rank0]:     return fn(*args, **kwargs)
[rank0]:            ^^^^^^^^^^^^^^^^^^^
[rank0]:   File "/media/ltnghia33/miniconda3/envs/sit/lib/python3.12/site-packages/torch/_dynamo/convert_frame.py", line 634, in transform
[rank0]:     tracer.run()
[rank0]:   File "/media/ltnghia33/miniconda3/envs/sit/lib/python3.12/site-packages/torch/_dynamo/symbolic_convert.py", line 2796, in run
[rank0]:     super().run()
[rank0]:   File "/media/ltnghia33/miniconda3/envs/sit/lib/python3.12/site-packages/torch/_dynamo/symbolic_convert.py", line 983, in run
[rank0]:     while self.step():
[rank0]:           ^^^^^^^^^^^
[rank0]:   File "/media/ltnghia33/miniconda3/envs/sit/lib/python3.12/site-packages/torch/_dynamo/symbolic_convert.py", line 895, in step
[rank0]:     self.dispatch_table[inst.opcode](self, inst)
[rank0]:   File "/media/ltnghia33/miniconda3/envs/sit/lib/python3.12/site-packages/torch/_dynamo/symbolic_convert.py", line 2987, in RETURN_VALUE
[rank0]:     self._return(inst)
[rank0]:   File "/media/ltnghia33/miniconda3/envs/sit/lib/python3.12/site-packages/torch/_dynamo/symbolic_convert.py", line 2972, in _return
[rank0]:     self.output.compile_subgraph(
[rank0]:   File "/media/ltnghia33/miniconda3/envs/sit/lib/python3.12/site-packages/torch/_dynamo/output_graph.py", line 1117, in compile_subgraph
[rank0]:     self.compile_and_call_fx_graph(tx, list(reversed(stack_values)), root)
[rank0]:   File "/media/ltnghia33/miniconda3/envs/sit/lib/python3.12/site-packages/torch/_dynamo/output_graph.py", line 1369, in compile_and_call_fx_graph
[rank0]:     compiled_fn = self.call_user_compiler(gm)
[rank0]:                   ^^^^^^^^^^^^^^^^^^^^^^^^^^^
[rank0]:   File "/media/ltnghia33/miniconda3/envs/sit/lib/python3.12/site-packages/torch/_dynamo/output_graph.py", line 1416, in call_user_compiler
[rank0]:     return self._call_user_compiler(gm)
[rank0]:            ^^^^^^^^^^^^^^^^^^^^^^^^^^^^
[rank0]:   File "/media/ltnghia33/miniconda3/envs/sit/lib/python3.12/site-packages/torch/_dynamo/output_graph.py", line 1465, in _call_user_compiler
[rank0]:     raise BackendCompilerFailed(self.compiler_fn, e) from e
[rank0]: torch._dynamo.exc.BackendCompilerFailed: backend='compile_fn' raised:
[rank0]: CalledProcessError: Command '['/usr/bin/gcc', '/tmp/tmpdn4eqtxs/main.c', '-O3', '-shared', '-fPIC', '-o', '/tmp/tmpdn4eqtxs/cuda_utils.cpython-312-x86_64-linux-gnu.so', '-lcuda', '-L/media/ltnghia33/miniconda3/envs/sit/lib/python3.12/site-packages/triton/backends/nvidia/lib', '-L/lib/x86_64-linux-gnu', '-I/media/ltnghia33/miniconda3/envs/sit/lib/python3.12/site-packages/triton/backends/nvidia/include', '-I/tmp/tmpdn4eqtxs', '-I/media/ltnghia33/miniconda3/envs/sit/include/python3.12']' returned non-zero exit status 1.

[rank0]: Set TORCH_LOGS="+dynamo" and TORCHDYNAMO_VERBOSE=1 for more information


[rank0]: You can suppress this exception and fall back to eager by setting:
[rank0]:     import torch._dynamo
[rank0]:     torch._dynamo.config.suppress_errors = True

[rank0]:[W1009 02:19:46.873494380 ProcessGroupNCCL.cpp:1250] Warning: WARNING: process group has NOT been destroyed before we destruct ProcessGroupNCCL. On normal program exit, the application should call destroy_process_group to ensure that any pending NCCL operations have finished in this process. In rare cases this process can exit before this point and block the progress of another member of the process group. This constraint has always been present,  but this warning has only been added since PyTorch 2.4 (function operator())
E1009 02:19:48.558000 1511486 site-packages/torch/distributed/elastic/multiprocessing/api.py:869] failed (exitcode: 1) local_rank: 0 (pid: 1511580) of binary: /media/ltnghia33/miniconda3/envs/sit/bin/python3.12
Traceback (most recent call last):
  File "/media/ltnghia33/miniconda3/envs/sit/bin/torchrun", line 6, in <module>
    sys.exit(main())
             ^^^^^^
  File "/media/ltnghia33/miniconda3/envs/sit/lib/python3.12/site-packages/torch/distributed/elastic/multiprocessing/errors/__init__.py", line 355, in wrapper
    return f(*args, **kwargs)
           ^^^^^^^^^^^^^^^^^^
  File "/media/ltnghia33/miniconda3/envs/sit/lib/python3.12/site-packages/torch/distributed/run.py", line 919, in main
    run(args)
  File "/media/ltnghia33/miniconda3/envs/sit/lib/python3.12/site-packages/torch/distributed/run.py", line 910, in run
    elastic_launch(
  File "/media/ltnghia33/miniconda3/envs/sit/lib/python3.12/site-packages/torch/distributed/launcher/api.py", line 138, in __call__
    return launch_agent(self._config, self._entrypoint, list(args))
           ^^^^^^^^^^^^^^^^^^^^^^^^^^^^^^^^^^^^^^^^^^^^^^^^^^^^^^^^
  File "/media/ltnghia33/miniconda3/envs/sit/lib/python3.12/site-packages/torch/distributed/launcher/api.py", line 269, in launch_agent
    raise ChildFailedError(
torch.distributed.elastic.multiprocessing.errors.ChildFailedError: 
============================================================
train.py FAILED
------------------------------------------------------------
Failures:
  <NO_OTHER_FAILURES>
------------------------------------------------------------
Root Cause (first observed failure):
[0]:
  time      : 2026-10-09_02:19:48
  host      : gpu02
  rank      : 0 (local_rank: 0)
  exitcode  : 1 (pid: 1511580)
  error_file: <N/A>
  traceback : To enable traceback see: https://pytorch.org/docs/stable/elastic/errors.html
============================================================
